INFO:root:New scraping session
INFO:root:Created batches
INFO:root:New item found: b'https://www.vinted.co.uk/items/7808949904-grey-nike-x-stussy-hoodie-l?referrer=catalog'
INFO:root:New item found: b'https://www.vinted.co.uk/items/7808939910-grey-nike-x-stussy-hoodie-s?referrer=catalog'
INFO:root:New item found: b'https://www.vinted.co.uk/items/7808884690-white-stussy-hoodie?referrer=catalog'
INFO:root:New item found: b'https://www.vinted.co.uk/items/7808878200-stussy-superior-quality-sweatshirt?referrer=catalog'
INFO:root:New item found: b'https://www.vinted.co.uk/items/7808860763-vintage-stussy-rework-hoodie?referrer=catalog'
INFO:root:New item found: b'https://www.vinted.co.uk/items/7808845125-grey-stussy-hoodie?referrer=catalog'
INFO:root:New item found: b'https://www.vinted.co.uk/items/7808349662-stussy-black-hoodie?referrer=catalog'
INFO:root:New item found: b'https://www.vinted.co.uk/items/7808294978-stussy-hoodie?referrer=catalog'
INFO:root:New item found: b'https://www.vinted.co.uk/items/7808715688-white-stussy-hoodie?referrer=catalog'
INFO:root:New item found: b'https://www.vinted.co.uk/items/7808713974-stussy-reworked-jumper-metalic-embroidery?referrer=catalog'
INFO:root:New item found: b'https://www.vinted.co.uk/items/7808712968-stussy-reworked-jumper-metalic-embroidery?referrer=catalog'
INFO:root:New item found: b'https://www.vinted.co.uk/items/7808713207-stussy-yellow-zip-up-hoodie?referrer=catalog'
INFO:root:New item found: b'https://www.vinted.co.uk/items/7808696328-stussy-reworked-jumper-metalic-embroidery?referrer=catalog'
INFO:root:New item found: b'https://www.vinted.co.uk/items/7808690752-stussy-reworked-jumper-metalic-embroidery?referrer=catalog'
INFO:root:New item found: b'https://www.vinted.co.uk/items/7808679287-stussy-reworked-jumper-metalic-embroidery?referrer=catalog'
INFO:root:New item found: b'https://www.vinted.co.uk/items/7808673324-stussy-reworked-jumper-metalic-embroidery?referrer=catalog'
INFO:root:New item found: b'https://www.vinted.co.uk/items/7808672261-stussy-reworked-jumper-metalic-embroidery?referrer=catalog'
INFO:root:New item found: b'https://www.vinted.co.uk/items/7808669116-stussy-reworked-jumper-metalic-embroidery?referrer=catalog'
INFO:root:New item found: b'https://www.vinted.co.uk/items/7808667965-stussy-reworked-jumper-metalic-embroidery?referrer=catalog'
INFO:root:New item found: b'https://www.vinted.co.uk/items/7808662744-stussy-reworked-jumper-metalic-embroidery?referrer=catalog'
INFO:root:New item found: b'https://www.vinted.co.uk/items/7808661669-stussy-reworked-jumper-metalic-embroidery?referrer=catalog'
INFO:root:New item found: b'https://www.vinted.co.uk/items/7808657234-stussy-reworked-jumper-metalic-embroidery?referrer=catalog'
INFO:root:New item found: b'https://www.vinted.co.uk/items/7808644356-stussy-reworked-jumper-metalic-embroidery?referrer=catalog'
INFO:root:New item found: b'https://www.vinted.co.uk/items/7808637903-stussy-reworked-jumper-metalic-embroidery?referrer=catalog'
INFO:root:New item found: b'https://www.vinted.co.uk/items/7808636767-stussy-reworked-jumper-metalic-embroidery?referrer=catalog'
INFO:root:New item found: b'https://www.vinted.co.uk/items/7808635544-stussy-reworked-jumper-metalic-embroidery?referrer=catalog'
INFO:root:New item found: b'https://www.vinted.co.uk/items/7808634536-stussy-reworked-jumper-metalic-embroidery?referrer=catalog'
INFO:root:New item found: b'https://www.vinted.co.uk/items/7808623179-stussy-reworked-jumper-metalic-embroidery?referrer=catalog'
INFO:root:New item found: b'https://www.vinted.co.uk/items/7808622120-stussy-reworked-jumper-metalic-embroidery?referrer=catalog'
INFO:root:New item found: b'https://www.vinted.co.uk/items/7808614109-reworked-stussy-zip-up-hoodie-light-grey-street-piece-s?referrer=catalog'
INFO:root:New item found: b'https://www.vinted.co.uk/items/7808617319-stussy-reworked-jumper-metalic-embroidery?referrer=catalog'
INFO:root:New item found: b'https://www.vinted.co.uk/items/7808616423-stussy-reworked-jumper-metalic-embroidery?referrer=catalog'
INFO:root:New item found: b'https://www.vinted.co.uk/items/7808602549-stussy-baggy-hoodie-black-size-medium?referrer=catalog'
INFO:root:New item found: b'https://www.vinted.co.uk/items/7808596696-l-size?referrer=catalog'
INFO:root:New item found: b'https://www.vinted.co.uk/items/7808545052-stussy-reworked-jumper-biegered?referrer=catalog'
INFO:root:New item found: b'https://www.vinted.co.uk/items/7808545324-stussy-hoodie?referrer=catalog'
INFO:root:New item found: b'https://www.vinted.co.uk/items/7808450004-stussy-jacket-hoodie?referrer=catalog'
INFO:root:New item found: b'https://www.vinted.co.uk/items/7808431950-stussy-navy-hoodie?referrer=catalog'
INFO:root:New item found: b'https://www.vinted.co.uk/items/7808412618-stussy-jumper?referrer=catalog'
INFO:root:New item found: b'https://www.vinted.co.uk/items/7808307619-stussy-zip-up-hoodie-black-medium?referrer=catalog'
INFO:root:New item found: b'https://www.vinted.co.uk/items/7808264417-stussy-8-ball-black-hoodie?referrer=catalog'
INFO:root:New item found: b'https://www.vinted.co.uk/items/7808264038-stussy-grey-zip-up-hoodie-logo-front-back?referrer=catalog'
INFO:root:New item found: b'https://www.vinted.co.uk/items/7808254491-stussy-tan-brown-reworked-zip-up-hoodie-size-medium?referrer=catalog'
INFO:root:New item found: b'https://www.vinted.co.uk/items/7808235875-stussy-grey-zip-up-hoodie-logo-front-back?referrer=catalog'
INFO:root:New item found: b'https://www.vinted.co.uk/items/7808233238-nike-x-stussy-hoodie-l?referrer=catalog'
INFO:root:New item found: b'https://www.vinted.co.uk/items/7808218258-stussy-grey-zip-up-hoodie-logo-front-back?referrer=catalog'
INFO:root:New item found: b'https://www.vinted.co.uk/items/7808206921-stussy-grey-zip-up-hoodie-logo-front-back?referrer=catalog'
INFO:root:New item found: b'https://www.vinted.co.uk/items/7808197606-stussy-grey-zip-up-hoodie-logo-front-back?referrer=catalog'
INFO:root:New item found: b'https://www.vinted.co.uk/items/7808190933-stussy-grey-zip-up-hoodie-logo-front-back?referrer=catalog'
INFO:root:New item found: b'https://www.vinted.co.uk/items/7808154933-stussy-zip-up-hoodiejacket-navy-blue-extra-large-excellent-condition-xl?referrer=catalog'
INFO:root:New item found: b'https://www.vinted.co.uk/items/7808145135-stussy-zip-up-hoodiejacket-black-extra-large-xl-excellent-condition?referrer=catalog'
INFO:root:New item found: b'https://www.vinted.co.uk/items/7808132179-stussy-zip-up-ski-mask-hoodie-size-s?referrer=catalog'
INFO:root:New item found: b'https://www.vinted.co.uk/items/7808122629-stussy-zip-up-hoodiejacket-navy-blue-large-excellent-condition?referrer=catalog'
INFO:root:New item found: b'https://www.vinted.co.uk/items/7808114026-stussy-zip-up-hoodiejacket-black-medium-excellent-condition?referrer=catalog'
INFO:root:New item found: b'https://www.vinted.co.uk/items/7808080294-womens-stussy-print-hoodie-m?referrer=catalog'
INFO:root:New item found: b'https://www.vinted.co.uk/items/7808108795-stussy-zip-up-hoodie-balaclavaski-mask-size-ms?referrer=catalog'
INFO:root:New item found: b'https://www.vinted.co.uk/items/7808094756-stussy-zip-up-hoodiejacket-brownblack-small-excellent-condition?referrer=catalog'
INFO:root:New item found: b'https://www.vinted.co.uk/items/7808014316-stussy-hoodie-mens?referrer=catalog'
INFO:root:New item found: b'https://www.vinted.co.uk/items/7808079778-stussy-zip-up-hoodiejacket-grey-large-excellent-condition?referrer=catalog'
INFO:root:New item found: b'https://www.vinted.co.uk/items/7807773604-nike-x-stussy?referrer=catalog'
INFO:root:New item found: b'https://www.vinted.co.uk/items/7807819427-stussy-black-hoodie-small-logo?referrer=catalog'
INFO:root:New item found: b'https://www.vinted.co.uk/items/7807711312-stussy-blue-jumper?referrer=catalog'
INFO:root:New item found: b'https://www.vinted.co.uk/items/7807579451-mens-black-stussy-hoodie-size-medium?referrer=catalog'
INFO:root:New item found: b'https://www.vinted.co.uk/items/7807612132-light-grey-reworked-stussy-zip-hoodie-clean-streetwear-s?referrer=catalog'
INFO:root:New item found: b'https://www.vinted.co.uk/items/7807592795-reworked-stussy-zip-hoodie-in-light-grey-everyday-streetwear-m?referrer=catalog'
INFO:root:New item found: b'https://www.vinted.co.uk/items/7807585952-nike-stussy-black-sweatshirt?referrer=catalog'
INFO:root:New item found: b'https://www.vinted.co.uk/items/7807546075-stussy-grey-marlwhite-hoodie?referrer=catalog'
INFO:root:New item found: b'https://www.vinted.co.uk/items/7807528120-vintage-2000s-stussy-camo-spell-out-graphic-hoodie?referrer=catalog'
INFO:root:New item found: b'https://www.vinted.co.uk/items/7807539464-stussy-lost-paradise-hoodie?referrer=catalog'
INFO:root:New item found: b'https://www.vinted.co.uk/items/7807537538-white-stussy-pink-fluffy-dice-hoodie?referrer=catalog'
INFO:root:New item found: b'https://www.vinted.co.uk/items/7807423530-black-stussy-reworked-vintage-hoodie?referrer=catalog'
INFO:root:New item found: b'https://www.vinted.co.uk/items/7807405202-grey-stussy-hoodie?referrer=catalog'
INFO:root:New item found: b'https://www.vinted.co.uk/items/7806897323-stussy-deadstock-how-were-livin-unisex-black-hoodie-l?referrer=catalog'
INFO:root:New item found: b'https://www.vinted.co.uk/items/7807371160-stussy-hoodie?referrer=catalog'
INFO:root:New item found: b'https://www.vinted.co.uk/items/7807005126-modern-age-stussy-hoodie?referrer=catalog'
INFO:root:New item found: b'https://www.vinted.co.uk/items/7807128430-stussy-hoodie-grey-large?referrer=catalog'
INFO:root:New item found: b'https://www.vinted.co.uk/items/7807112589-stussy-zip-up-hoodie-grey-size-small?referrer=catalog'
INFO:root:New item found: b'https://www.vinted.co.uk/items/7807077394-stussy-hoodie-grey-small?referrer=catalog'
INFO:root:New item found: b'https://www.vinted.co.uk/items/7807020505-stussy-baggy-hoodie-black?referrer=catalog'
INFO:root:Saved batches, added 79, currently holding 425 files
INFO:root:New scraping session
INFO:root:Created batches
INFO:root:New item found: b'https://www.vinted.co.uk/items/7808971084-grey-vintage-stussy-graphic-hoodie-heavyweight-mens-size-medium-m?referrer=catalog'
INFO:root:Saved batches, added 1, currently holding 426 files
INFO:root:New scraping session
INFO:root:Created batches
INFO:root:New item found: b'https://www.vinted.co.uk/items/7808977987-grey-nike-x-stussy-hoodie-l?referrer=catalog'
INFO:root:New item found: b'https://www.vinted.co.uk/items/7808976358-stussy-zip-up-hoodie-black-medium?referrer=catalog'
INFO:root:Saved batches, added 2, currently holding 428 files
INFO:root:New scraping session
INFO:root:Created batches
INFO:root:New item found: b'https://www.vinted.co.uk/items/7807019874-stussy-hoddie-with-red-dice-m-brand-new-with-tags?referrer=catalog'
INFO:root:New item found: b'https://www.vinted.co.uk/items/7807010374-stussy-reworked-zip-up-hoodie-black-large?referrer=catalog'
INFO:root:New item found: b'https://www.vinted.co.uk/items/7806979673-stussy-hoodie?referrer=catalog'
INFO:root:New item found: b'https://www.vinted.co.uk/items/7806409473-stussy-grey-hoodie-size-m?referrer=catalog'
INFO:root:New item found: b'https://www.vinted.co.uk/items/7806355700-stussy-grey-hoodie?referrer=catalog'
INFO:root:New item found: b'https://www.vinted.co.uk/items/7804045315-stussy-deadstock-unisex-8-ball-black-oversize-hoodie-xl?referrer=catalog'
INFO:root:New item found: b'https://www.vinted.co.uk/items/7806675905-stussy-vintage-black-rework-hoodie-jumper?referrer=catalog'
INFO:root:New item found: b'https://www.vinted.co.uk/items/7806674290-stussy-vintage-black-rework-hoodie-jumper?referrer=catalog'
INFO:root:New item found: b'https://www.vinted.co.uk/items/7806484830-grey-stussy-zip-up-hoodie?referrer=catalog'
INFO:root:New item found: b'https://www.vinted.co.uk/items/7805959647-stussy-reworked-hoodie-l?referrer=catalog'
INFO:root:New item found: b'https://www.vinted.co.uk/items/7806485152-stussy-hoodie?referrer=catalog'
INFO:root:New item found: b'https://www.vinted.co.uk/items/7806485093-stussy-denim-hoodie?referrer=catalog'
INFO:root:New item found: b'https://www.vinted.co.uk/items/7806460162-stussy-hoodie?referrer=catalog'
INFO:root:New item found: b'https://www.vinted.co.uk/items/7806396227-stussy-hoodie?referrer=catalog'
INFO:root:New item found: b'https://www.vinted.co.uk/items/7806319187-grey-stussy-print-hoodie?referrer=catalog'
INFO:root:New item found: b'https://www.vinted.co.uk/items/7806293503-stussy-zip-up-hoodie-navy-large?referrer=catalog'
INFO:root:New item found: b'https://www.vinted.co.uk/items/7806273571-stussy-zip-up-hoodie-grey-large?referrer=catalog'
INFO:root:New item found: b'https://www.vinted.co.uk/items/7806172297-reworked-stussy-hoodie?referrer=catalog'
INFO:root:New item found: b'https://www.vinted.co.uk/items/7804066483-stussy-hoodie?referrer=catalog'
INFO:root:Saved batches, added 19, currently holding 447 files
INFO:root:New scraping session
INFO:root:No new items found: 2025-12-23 18:12:21.666339
INFO:root:New scraping session
INFO:root:No new items found: 2025-12-23 18:14:26.637410
INFO:root:New scraping session
INFO:root:Created batches
INFO:root:New item found: b'https://www.vinted.co.uk/items/7809012899-stussy-grey-jumper-with-pattern?referrer=catalog'
INFO:root:Saved batches, added 1, currently holding 448 files
INFO:root:New scraping session
INFO:root:No new items found: 2025-12-23 18:18:37.029999
INFO:root:New scraping session
ERROR:root:Unhandled exception when fetching html Page.wait_for_selector: Timeout 10000ms exceeded.
Call log:
waiting for locator("div.feed-grid__item") to be visible

ERROR:root:Failed to parse https://www.vinted.co.uk/catalog?search_text=stussy%20hoodie&order=newest_first&page=1: 'NoneType' object has no attribute 'find_all'
INFO:root:No new items found: 2025-12-23 18:20:48.394367
INFO:root:New scraping session
ERROR:root:Unhandled exception when fetching html Page.wait_for_selector: Timeout 10000ms exceeded.
Call log:
waiting for locator("div.feed-grid__item") to be visible

ERROR:root:Failed to parse https://www.vinted.co.uk/catalog?search_text=stussy%20hoodie&order=newest_first&page=1: 'NoneType' object has no attribute 'find_all'
INFO:root:No new items found: 2025-12-23 18:23:00.006252
INFO:root:New scraping session
ERROR:root:Unhandled exception when fetching html Page.wait_for_selector: Timeout 10000ms exceeded.
Call log:
waiting for locator("div.feed-grid__item") to be visible

ERROR:root:Failed to parse https://www.vinted.co.uk/catalog?search_text=stussy%20hoodie&order=newest_first&page=1: 'NoneType' object has no attribute 'find_all'
INFO:root:No new items found: 2025-12-23 18:25:11.517357
INFO:root:New scraping session
ERROR:root:Unhandled exception when fetching html Page.wait_for_selector: Timeout 10000ms exceeded.
Call log:
waiting for locator("div.feed-grid__item") to be visible

ERROR:root:Failed to parse https://www.vinted.co.uk/catalog?search_text=stussy%20hoodie&order=newest_first&page=1: 'NoneType' object has no attribute 'find_all'
INFO:root:No new items found: 2025-12-23 18:27:22.972102
INFO:root:New scraping session
ERROR:root:Unhandled exception when fetching html Page.wait_for_selector: Timeout 10000ms exceeded.
Call log:
waiting for locator("div.feed-grid__item") to be visible

ERROR:root:Failed to parse https://www.vinted.co.uk/catalog?search_text=stussy%20hoodie&order=newest_first&page=1: 'NoneType' object has no attribute 'find_all'
INFO:root:No new items found: 2025-12-23 18:29:34.085876
INFO:root:New scraping session
ERROR:root:Unhandled exception when fetching html Page.wait_for_selector: Timeout 10000ms exceeded.
Call log:
waiting for locator("div.feed-grid__item") to be visible

ERROR:root:Failed to parse https://www.vinted.co.uk/catalog?search_text=stussy%20hoodie&order=newest_first&page=1: 'NoneType' object has no attribute 'find_all'
INFO:root:No new items found: 2025-12-23 18:31:45.091140
INFO:root:New scraping session
ERROR:root:Unhandled exception when fetching html Page.wait_for_selector: Timeout 10000ms exceeded.
Call log:
waiting for locator("div.feed-grid__item") to be visible

ERROR:root:Failed to parse https://www.vinted.co.uk/catalog?search_text=stussy%20hoodie&order=newest_first&page=1: 'NoneType' object has no attribute 'find_all'
INFO:root:No new items found: 2025-12-23 18:33:56.168553
INFO:root:New scraping session
ERROR:root:Unhandled exception when fetching html Page.wait_for_selector: Timeout 10000ms exceeded.
Call log:
waiting for locator("div.feed-grid__item") to be visible

ERROR:root:Failed to parse https://www.vinted.co.uk/catalog?search_text=stussy%20hoodie&order=newest_first&page=1: 'NoneType' object has no attribute 'find_all'
INFO:root:No new items found: 2025-12-23 18:36:07.225088
INFO:root:New scraping session
ERROR:root:Unhandled exception when fetching html Page.wait_for_selector: Timeout 10000ms exceeded.
Call log:
waiting for locator("div.feed-grid__item") to be visible

ERROR:root:Failed to parse https://www.vinted.co.uk/catalog?search_text=stussy%20hoodie&order=newest_first&page=1: 'NoneType' object has no attribute 'find_all'
INFO:root:No new items found: 2025-12-23 18:38:18.271504
INFO:root:New scraping session
ERROR:root:Unhandled exception when fetching html Page.wait_for_selector: Timeout 10000ms exceeded.
Call log:
waiting for locator("div.feed-grid__item") to be visible

ERROR:root:Failed to parse https://www.vinted.co.uk/catalog?search_text=stussy%20hoodie&order=newest_first&page=1: 'NoneType' object has no attribute 'find_all'
INFO:root:No new items found: 2025-12-23 18:40:29.383849
INFO:root:New scraping session
ERROR:root:Unhandled exception when fetching html Page.wait_for_selector: Timeout 10000ms exceeded.
Call log:
waiting for locator("div.feed-grid__item") to be visible

ERROR:root:Failed to parse https://www.vinted.co.uk/catalog?search_text=stussy%20hoodie&order=newest_first&page=1: 'NoneType' object has no attribute 'find_all'
INFO:root:No new items found: 2025-12-23 18:42:40.472405
INFO:root:New scraping session
ERROR:root:Unhandled exception when fetching html Page.wait_for_selector: Timeout 10000ms exceeded.
Call log:
waiting for locator("div.feed-grid__item") to be visible

ERROR:root:Failed to parse https://www.vinted.co.uk/catalog?search_text=stussy%20hoodie&order=newest_first&page=1: 'NoneType' object has no attribute 'find_all'
INFO:root:No new items found: 2025-12-23 18:44:51.478256
INFO:root:New scraping session
ERROR:root:Unhandled exception when fetching html Page.wait_for_selector: Timeout 10000ms exceeded.
Call log:
waiting for locator("div.feed-grid__item") to be visible

ERROR:root:Failed to parse https://www.vinted.co.uk/catalog?search_text=stussy%20hoodie&order=newest_first&page=1: 'NoneType' object has no attribute 'find_all'
INFO:root:No new items found: 2025-12-23 18:47:02.557801
