INFO:root:New scraping session
INFO:root:Created batches
INFO:root:New item found: b'https://www.vinted.co.uk/items/7808907754-stussy-beach-shell-water-repellent-jacket-size-medium?referrer=catalog'
INFO:root:New item found: b'https://www.vinted.co.uk/items/7808808924-stussy-puffer-jackets?referrer=catalog'
INFO:root:New item found: b'https://www.vinted.co.uk/items/7808763529-stussy-puffer-jacket?referrer=catalog'
INFO:root:New item found: b'https://www.vinted.co.uk/items/7808450004-stussy-jacket-hoodie?referrer=catalog'
INFO:root:New item found: b'https://www.vinted.co.uk/items/7808154933-stussy-zip-up-hoodiejacket-navy-blue-extra-large-excellent-condition-xl?referrer=catalog'
INFO:root:New item found: b'https://www.vinted.co.uk/items/7808145135-stussy-zip-up-hoodiejacket-black-extra-large-xl-excellent-condition?referrer=catalog'
INFO:root:New item found: b'https://www.vinted.co.uk/items/7808122629-stussy-zip-up-hoodiejacket-navy-blue-large-excellent-condition?referrer=catalog'
INFO:root:New item found: b'https://www.vinted.co.uk/items/7808114026-stussy-zip-up-hoodiejacket-black-medium-excellent-condition?referrer=catalog'
INFO:root:New item found: b'https://www.vinted.co.uk/items/7808094756-stussy-zip-up-hoodiejacket-brownblack-small-excellent-condition?referrer=catalog'
INFO:root:New item found: b'https://www.vinted.co.uk/items/7808079778-stussy-zip-up-hoodiejacket-grey-large-excellent-condition?referrer=catalog'
INFO:root:New item found: b'https://www.vinted.co.uk/items/7807975062-stussy-coat?referrer=catalog'
INFO:root:New item found: b'https://www.vinted.co.uk/items/7807928144-stussy-sherpa-fleece?referrer=catalog'
INFO:root:New item found: b'https://www.vinted.co.uk/items/7807575749-stussy-floral-sherpa-fleece?referrer=catalog'
INFO:root:New item found: b'https://www.vinted.co.uk/items/7807515109-stussy-sherpa-cream-fleece?referrer=catalog'
INFO:root:New item found: b'https://www.vinted.co.uk/items/7807456794-stussy-rework-style-hooded-jacket?referrer=catalog'
INFO:root:New item found: b'https://www.vinted.co.uk/items/7807304176-stussy-black-coat?referrer=catalog'
INFO:root:New item found: b'https://www.vinted.co.uk/items/7807143828-stussy-m65-jacket-black?referrer=catalog'
INFO:root:New item found: b'https://www.vinted.co.uk/items/7807078604-stussy-8-ball-sherpa-reversible-jacket-size-s-ch-46?referrer=catalog'
INFO:root:New item found: b'https://www.vinted.co.uk/items/7806949224-stussy-satin-bomber?referrer=catalog'
INFO:root:New item found: b'https://www.vinted.co.uk/items/7806948483-mens-stussy-beige-jacket-size-small?referrer=catalog'
INFO:root:New item found: b'https://www.vinted.co.uk/items/7806936994-stussy-box-logo-over-shirt?referrer=catalog'
INFO:root:New item found: b'https://www.vinted.co.uk/items/7806873209-stussy-puffer?referrer=catalog'
INFO:root:New item found: b'https://www.vinted.co.uk/items/7806843982-stussy-puffer-coat?referrer=catalog'
INFO:root:New item found: b'https://www.vinted.co.uk/items/7805864875-stussy-womens-denim-biker-jacket-with-black-sleeves-size-s-ryder-crop-moto-jacket?referrer=catalog'
INFO:root:New item found: b'https://www.vinted.co.uk/items/7806419059-stussy-jacket?referrer=catalog'
INFO:root:New item found: b'https://www.vinted.co.uk/items/7806390263-stussy-gilet-mens-2xl-xxl-black-quilted-vest-jacket-skater-puffer-utility-y2k?referrer=catalog'
INFO:root:New item found: b'https://www.vinted.co.uk/items/7806360180-stussy-vintage-rework-puffer-jacket-m?referrer=catalog'
INFO:root:New item found: b'https://www.vinted.co.uk/items/7806203721-stussy-jacket-mens-medium-great-condition?referrer=catalog'
INFO:root:New item found: b'https://www.vinted.co.uk/items/7806197517-stussy-jacket-mens-medium-great-condition?referrer=catalog'
INFO:root:New item found: b'https://www.vinted.co.uk/items/7806153945-stussy-x-holden-wool-shirt?referrer=catalog'
INFO:root:New item found: b'https://www.vinted.co.uk/items/7806103217-double-you-studios-raw-double-denim-set?referrer=catalog'
INFO:root:Saved batches, added 31, currently holding 178 files
INFO:root:New scraping session
INFO:root:No new items found: 2025-12-23 18:06:01.608728
INFO:root:New scraping session
INFO:root:No new items found: 2025-12-23 18:08:07.149632
INFO:root:New scraping session
INFO:root:No new items found: 2025-12-23 18:10:12.430281
INFO:root:New scraping session
INFO:root:No new items found: 2025-12-23 18:12:18.210719
INFO:root:New scraping session
INFO:root:No new items found: 2025-12-23 18:14:23.470063
INFO:root:New scraping session
INFO:root:Created batches
INFO:root:New item found: b'https://www.vinted.co.uk/items/7809009883-stussy-black-wool-grunge-flight-sherpa-bomber-jacket-tanker?referrer=catalog'
INFO:root:Saved batches, added 1, currently holding 179 files
INFO:root:New scraping session
INFO:root:No new items found: 2025-12-23 18:18:34.910477
INFO:root:New scraping session
ERROR:root:Unhandled exception when fetching html Page.wait_for_selector: Timeout 10000ms exceeded.
Call log:
waiting for locator("div.feed-grid__item") to be visible

ERROR:root:Failed to parse https://www.vinted.co.uk/catalog?search_text=stussy%20jacket&order=newest_first&page=1: 'NoneType' object has no attribute 'find_all'
INFO:root:No new items found: 2025-12-23 18:20:45.880803
INFO:root:New scraping session
ERROR:root:Unhandled exception when fetching html Page.wait_for_selector: Timeout 10000ms exceeded.
Call log:
waiting for locator("div.feed-grid__item") to be visible

ERROR:root:Failed to parse https://www.vinted.co.uk/catalog?search_text=stussy%20jacket&order=newest_first&page=1: 'NoneType' object has no attribute 'find_all'
INFO:root:No new items found: 2025-12-23 18:22:56.938903
INFO:root:New scraping session
ERROR:root:Unhandled exception when fetching html Page.wait_for_selector: Timeout 10000ms exceeded.
Call log:
waiting for locator("div.feed-grid__item") to be visible

ERROR:root:Failed to parse https://www.vinted.co.uk/catalog?search_text=stussy%20jacket&order=newest_first&page=1: 'NoneType' object has no attribute 'find_all'
INFO:root:No new items found: 2025-12-23 18:25:07.848555
INFO:root:New scraping session
ERROR:root:Unhandled exception when fetching html Page.wait_for_selector: Timeout 10000ms exceeded.
Call log:
waiting for locator("div.feed-grid__item") to be visible

ERROR:root:Failed to parse https://www.vinted.co.uk/catalog?search_text=stussy%20jacket&order=newest_first&page=1: 'NoneType' object has no attribute 'find_all'
INFO:root:No new items found: 2025-12-23 18:27:18.806076
INFO:root:New scraping session
ERROR:root:Unhandled exception when fetching html Page.wait_for_selector: Timeout 10000ms exceeded.
Call log:
waiting for locator("div.feed-grid__item") to be visible

ERROR:root:Failed to parse https://www.vinted.co.uk/catalog?search_text=stussy%20jacket&order=newest_first&page=1: 'NoneType' object has no attribute 'find_all'
INFO:root:No new items found: 2025-12-23 18:29:29.722089
INFO:root:New scraping session
ERROR:root:Unhandled exception when fetching html Page.wait_for_selector: Timeout 10000ms exceeded.
Call log:
waiting for locator("div.feed-grid__item") to be visible

ERROR:root:Failed to parse https://www.vinted.co.uk/catalog?search_text=stussy%20jacket&order=newest_first&page=1: 'NoneType' object has no attribute 'find_all'
INFO:root:No new items found: 2025-12-23 18:31:40.764218
INFO:root:New scraping session
ERROR:root:Unhandled exception when fetching html Page.wait_for_selector: Timeout 10000ms exceeded.
Call log:
waiting for locator("div.feed-grid__item") to be visible

ERROR:root:Failed to parse https://www.vinted.co.uk/catalog?search_text=stussy%20jacket&order=newest_first&page=1: 'NoneType' object has no attribute 'find_all'
INFO:root:No new items found: 2025-12-23 18:33:51.735308
INFO:root:New scraping session
ERROR:root:Unhandled exception when fetching html Page.wait_for_selector: Timeout 10000ms exceeded.
Call log:
waiting for locator("div.feed-grid__item") to be visible

ERROR:root:Failed to parse https://www.vinted.co.uk/catalog?search_text=stussy%20jacket&order=newest_first&page=1: 'NoneType' object has no attribute 'find_all'
INFO:root:No new items found: 2025-12-23 18:36:02.750859
INFO:root:New scraping session
ERROR:root:Unhandled exception when fetching html Page.wait_for_selector: Timeout 10000ms exceeded.
Call log:
waiting for locator("div.feed-grid__item") to be visible

ERROR:root:Failed to parse https://www.vinted.co.uk/catalog?search_text=stussy%20jacket&order=newest_first&page=1: 'NoneType' object has no attribute 'find_all'
INFO:root:No new items found: 2025-12-23 18:38:13.774864
INFO:root:New scraping session
ERROR:root:Unhandled exception when fetching html Page.wait_for_selector: Timeout 10000ms exceeded.
Call log:
waiting for locator("div.feed-grid__item") to be visible

ERROR:root:Failed to parse https://www.vinted.co.uk/catalog?search_text=stussy%20jacket&order=newest_first&page=1: 'NoneType' object has no attribute 'find_all'
INFO:root:No new items found: 2025-12-23 18:40:24.718964
INFO:root:New scraping session
ERROR:root:Unhandled exception when fetching html Page.wait_for_selector: Timeout 10000ms exceeded.
Call log:
waiting for locator("div.feed-grid__item") to be visible

ERROR:root:Failed to parse https://www.vinted.co.uk/catalog?search_text=stussy%20jacket&order=newest_first&page=1: 'NoneType' object has no attribute 'find_all'
INFO:root:No new items found: 2025-12-23 18:42:35.756553
INFO:root:New scraping session
ERROR:root:Unhandled exception when fetching html Page.wait_for_selector: Timeout 10000ms exceeded.
Call log:
waiting for locator("div.feed-grid__item") to be visible

ERROR:root:Failed to parse https://www.vinted.co.uk/catalog?search_text=stussy%20jacket&order=newest_first&page=1: 'NoneType' object has no attribute 'find_all'
INFO:root:No new items found: 2025-12-23 18:44:46.746258
INFO:root:New scraping session
ERROR:root:Unhandled exception when fetching html Page.wait_for_selector: Timeout 10000ms exceeded.
Call log:
waiting for locator("div.feed-grid__item") to be visible

ERROR:root:Failed to parse https://www.vinted.co.uk/catalog?search_text=stussy%20jacket&order=newest_first&page=1: 'NoneType' object has no attribute 'find_all'
INFO:root:No new items found: 2025-12-23 18:46:57.815244
