INFO:root:Checking for asyncio loop...
WARNING:root:A loop exists but is not running
INFO:root:New scraping session
/home/opc/vinted-scraper-2/vision/evaluater.py:66: FutureWarning: You are using `torch.load` with `weights_only=False` (the current default value), which uses the default pickle module implicitly. It is possible to construct malicious pickle data which will execute arbitrary code during unpickling (See https://github.com/pytorch/pytorch/blob/main/SECURITY.md#untrusted-models for more details). In a future release, the default value for `weights_only` will be flipped to `True`. This limits the functions that could be executed during unpickling. Arbitrary objects will no longer be allowed to be loaded via this mode unless they are explicitly allowlisted by the user via `torch.serialization.add_safe_globals`. We recommend you start setting `weights_only=True` for any use case where you don't have full control of the loaded file. Please open an issue on GitHub for any issues related to this experimental feature.
  checkpoint = torch.load(path, map_location=device)
INFO:root:Evaluated Listing: https://www.vinted.co.uk/items/7811211494-stussy-worldwide-diamond-pigmented-dyed-tee-size-m-black?referrer=catalog, Price: 59.0, Value: 14
INFO:root:Evaluated Listing: https://www.vinted.co.uk/items/7811355027-stussy-basic-white-tee-small?referrer=catalog, Price: 18.0, Value: 14
INFO:root:Evaluated Listing: https://www.vinted.co.uk/items/7811325038-dice-stussy-tee-size-small?referrer=catalog, Price: 12.0, Value: 14
INFO:root:Evaluated Listing: https://www.vinted.co.uk/items/7811323599-stussy-acid-green-extra-baggy-long-sleeve-top?referrer=catalog, Price: 25.0, Value: 0
INFO:root:Evaluated Listing: https://www.vinted.co.uk/items/7811288740-peach-stussy-long-sleeve-t-shirt-small?referrer=catalog, Price: 30.0, Value: 14
INFO:root:Evaluated Listing: https://www.vinted.co.uk/items/7811269536-black-gears-stussy-shirt?referrer=catalog, Price: 20.0, Value: 16
INFO:root:Evaluated Listing: https://www.vinted.co.uk/items/7811260875-stussy-t-shirt?referrer=catalog, Price: 25.0, Value: 17
INFO:root:Evaluated Listing: https://www.vinted.co.uk/items/7811251008-vintage-90s-black-stussy-tee-with-dragon-print?referrer=catalog, Price: 64.99, Value: 17
INFO:root:Evaluated Listing: https://www.vinted.co.uk/items/7811250265-bape-x-stussy-t-shirt?referrer=catalog, Price: 32.99, Value: 17
INFO:root:Evaluated Listing: https://www.vinted.co.uk/items/7811244791-vintage-90s-white-stussy-no-4-single-stitch-t-shirt?referrer=catalog, Price: 68.99, Value: 17
INFO:root:Evaluated Listing: https://www.vinted.co.uk/items/7811225665-white-graphic-stussy-tshirt?referrer=catalog, Price: 9.99, Value: 19
INFO:root:Evaluated Listing: https://www.vinted.co.uk/items/7811216815-black-vintage-stussy-tshirt?referrer=catalog, Price: 9.99, Value: 0
INFO:root:Evaluated Listing: https://www.vinted.co.uk/items/7811191762-stussy-x-patta-tee?referrer=catalog, Price: 30.0, Value: 17
INFO:root:Evaluated Listing: https://www.vinted.co.uk/items/7811188086-stussy-dragon-tee?referrer=catalog, Price: 20.0, Value: 17
INFO:root:Evaluated Listing: https://www.vinted.co.uk/items/7811181995-stussy-logo-t-shirt?referrer=catalog, Price: 15.0, Value: 14
INFO:root:Evaluated Listing: https://www.vinted.co.uk/items/7811000781-stussy-t-shirt-large?referrer=catalog, Price: 18.0, Value: 17
INFO:root:Evaluated Listing: https://www.vinted.co.uk/items/7811089863-stussy-ice-cube-s?referrer=catalog, Price: 14.0, Value: 14
INFO:root:Evaluated Listing: https://www.vinted.co.uk/items/7811035599-stussy-t-shirt-size-large?referrer=catalog, Price: 15.0, Value: 0
INFO:root:Evaluated Listing: https://www.vinted.co.uk/items/7810965655-stussy-top?referrer=catalog, Price: 10.0, Value: 17
INFO:root:Evaluated Listing: https://www.vinted.co.uk/items/7810892039-stussy-graphic-tee?referrer=catalog, Price: 9.0, Value: 14
INFO:root:Evaluated Listing: https://www.vinted.co.uk/items/7810858311-vintage-stussy-yellow-graphic-t-shirt-m?referrer=catalog, Price: 34.0, Value: 0
INFO:root:Evaluated Listing: https://www.vinted.co.uk/items/7811145323-stussy-tshirttee-white-medium-brand-new?referrer=catalog, Price: 17.0, Value: 17
INFO:root:Created batches
INFO:root:New item found: b'https://www.vinted.co.uk/items/7811211494-stussy-worldwide-diamond-pigmented-dyed-tee-size-m-black?referrer=catalog'
INFO:root:New item found: b'https://www.vinted.co.uk/items/7811355027-stussy-basic-white-tee-small?referrer=catalog'
INFO:root:New item found: b'https://www.vinted.co.uk/items/7811325038-dice-stussy-tee-size-small?referrer=catalog'
INFO:root:New item found: b'https://www.vinted.co.uk/items/7811323599-stussy-acid-green-extra-baggy-long-sleeve-top?referrer=catalog'
INFO:root:New item found: b'https://www.vinted.co.uk/items/7811288740-peach-stussy-long-sleeve-t-shirt-small?referrer=catalog'
INFO:root:New item found: b'https://www.vinted.co.uk/items/7811269536-black-gears-stussy-shirt?referrer=catalog'
INFO:root:New item found: b'https://www.vinted.co.uk/items/7811260875-stussy-t-shirt?referrer=catalog'
INFO:root:New item found: b'https://www.vinted.co.uk/items/7811251008-vintage-90s-black-stussy-tee-with-dragon-print?referrer=catalog'
INFO:root:New item found: b'https://www.vinted.co.uk/items/7811250265-bape-x-stussy-t-shirt?referrer=catalog'
INFO:root:New item found: b'https://www.vinted.co.uk/items/7811244791-vintage-90s-white-stussy-no-4-single-stitch-t-shirt?referrer=catalog'
INFO:root:New item found: b'https://www.vinted.co.uk/items/7811225665-white-graphic-stussy-tshirt?referrer=catalog'
INFO:root:New item found: b'https://www.vinted.co.uk/items/7811216815-black-vintage-stussy-tshirt?referrer=catalog'
INFO:root:New item found: b'https://www.vinted.co.uk/items/7811191762-stussy-x-patta-tee?referrer=catalog'
INFO:root:New item found: b'https://www.vinted.co.uk/items/7811188086-stussy-dragon-tee?referrer=catalog'
INFO:root:New item found: b'https://www.vinted.co.uk/items/7811181995-stussy-logo-t-shirt?referrer=catalog'
INFO:root:New item found: b'https://www.vinted.co.uk/items/7811000781-stussy-t-shirt-large?referrer=catalog'
INFO:root:New item found: b'https://www.vinted.co.uk/items/7811089863-stussy-ice-cube-s?referrer=catalog'
INFO:root:New item found: b'https://www.vinted.co.uk/items/7811035599-stussy-t-shirt-size-large?referrer=catalog'
INFO:root:New item found: b'https://www.vinted.co.uk/items/7810965655-stussy-top?referrer=catalog'
INFO:root:New item found: b'https://www.vinted.co.uk/items/7810892039-stussy-graphic-tee?referrer=catalog'
INFO:root:New item found: b'https://www.vinted.co.uk/items/7810858311-vintage-stussy-yellow-graphic-t-shirt-m?referrer=catalog'
INFO:root:New item found: b'https://www.vinted.co.uk/items/7811145323-stussy-tshirttee-white-medium-brand-new?referrer=catalog'
INFO:root:Saved batches, added 22, currently holding 771 files
INFO:root:New scraping session
INFO:root:No new items found: 2025-12-24 15:21:09.097158
INFO:root:New scraping session
INFO:root:No new items found: 2025-12-24 15:23:12.178149
INFO:root:New scraping session
INFO:root:Evaluated Listing: https://www.vinted.co.uk/items/7811392765-stussy-xs-crop-logo-oversize-t-shirt?referrer=catalog, Price: 8.0, Value: 0
INFO:root:Created batches
INFO:root:New item found: b'https://www.vinted.co.uk/items/7811392765-stussy-xs-crop-logo-oversize-t-shirt?referrer=catalog'
INFO:root:Saved batches, added 1, currently holding 772 files
INFO:root:New scraping session
INFO:root:No new items found: 2025-12-24 15:27:19.972111
INFO:root:New scraping session
INFO:root:No new items found: 2025-12-24 15:29:23.123341
INFO:root:New scraping session
INFO:root:No new items found: 2025-12-24 15:31:26.370806
INFO:root:New scraping session
INFO:root:No new items found: 2025-12-24 15:33:29.306583
INFO:root:New scraping session
INFO:root:No new items found: 2025-12-24 15:35:32.444931
INFO:root:New scraping session
INFO:root:No new items found: 2025-12-24 15:37:35.757300
INFO:root:New scraping session
INFO:root:No new items found: 2025-12-24 15:39:38.738425
INFO:root:New scraping session
INFO:root:No new items found: 2025-12-24 15:41:42.128398
INFO:root:New scraping session
INFO:root:No new items found: 2025-12-24 15:43:45.232235
INFO:root:New scraping session
INFO:root:No new items found: 2025-12-24 15:45:48.573763
INFO:root:New scraping session
INFO:root:Evaluated Listing: https://www.vinted.co.uk/items/7811458272-stussy-graphic-t-shirt?referrer=catalog, Price: 12.0, Value: 0
INFO:root:Created batches
INFO:root:New item found: b'https://www.vinted.co.uk/items/7811458272-stussy-graphic-t-shirt?referrer=catalog'
INFO:root:Saved batches, added 1, currently holding 773 files
